(node:27054) [DEP0180] DeprecationWarning: fs.Stats constructor is deprecated.
(Use `node --trace-deprecation ...` to show where the warning was created)

 NX   Running target serve for project api and 2 tasks it depends on:



> nx run types:build  [local cache]


> nx run api:build:production


> nx run api:serve:development

[0m[7m[1m[33m NX [39m[22m[27m[0m  [33mNx Daemon is not enabled. Assets will not be updated when they are changed.[39m
[ [32mwatch[39m ] build succeeded, watching for changes...
[1m[31mStarting inspector on localhost:9229 failed: address already in use[39m[22m
[1m[31m[39m[22m
[1m[31mError: listen EADDRINUSE: address already in use :::3001[39m[22m
[1m[31m    at Server.setupListenHandle [as _listen2] (node:net:1940:16)[39m[22m
[1m[31m    at listenInCluster (node:net:1997:12)[39m[22m
[1m[31m    at Server.listen (node:net:2102:7)[39m[22m
[1m[31m    at app.listen (/Users/scottiedaniels/Web/tt/node_modules/express/lib/application.js:635:24)[39m[22m
[1m[31m    at Object.<anonymous> (/Users/scottiedaniels/Web/tt/api/src/main.ts:47:5)[39m[22m
[1m[31m    at Module._compile (node:internal/modules/cjs/loader:1761:14)[39m[22m
[1m[31m    at Object..js (node:internal/modules/cjs/loader:1893:10)[39m[22m
[1m[31m    at Module.load (node:internal/modules/cjs/loader:1481:32)[39m[22m
[1m[31m    at Module.<anonymous> (node:internal/modules/cjs/loader:1300:12)[39m[22m
[1m[31m    at Module._load (/Users/scottiedaniels/Web/tt/node_modules/@nx/js/src/executors/node/node-with-require-overrides.js:18:31)[39m[22m
[1m[31m[39m[22m
[7m[1m[36m NX [39m[22m[27m [1mProcess exited with code 1, waiting for changes to restart...[22m
Task "api:serve:development" is continuous but exited with code 129
