
> nx run frontend-admin:serve:development

[33m❯[39m Building...
[32m✔[39m Building...
[37m[1mInitial chunk files[22m[2m | [22m[1mNames[22m                     [2m | [22m [1mRaw size[22m[39m
[37m[32mstyles.css[39m[37m         [2m | [22m[2mstyles[22m                    [2m | [22m[36m116.30 kB[39m[37m[2m | [22m[39m
[37m[32mchunk-WCP3Y7XC.js[39m[37m  [2m | [22m[2m-[22m                         [2m | [22m [36m65.34 kB[39m[37m[2m | [22m[39m
[37m[32mmain.js[39m[37m            [2m | [22m[2mmain[22m                      [2m | [22m  [36m7.09 kB[39m[37m[2m | [22m[39m
[37m[32mchunk-Z4TRXDYZ.js[39m[37m  [2m | [22m[2m-[22m                         [2m | [22m  [36m2.89 kB[39m[37m[2m | [22m[39m
[37m[32mchunk-VUJOFXKG.js[39m[37m  [2m | [22m[2m-[22m                         [2m | [22m[36m938 bytes[39m[37m[2m | [22m[39m
[37m[39m
[37m[1m [22m                  [2m | [22m[1mInitial total[22m             [2m | [22m[1m192.56 kB[22m[39m
[37m[39m
[37m[1mLazy chunk files[22m   [2m | [22m[1mNames[22m                     [2m | [22m [1mRaw size[22m[39m
[37m[32mchunk-BHGFLOKS.js[39m[37m  [2m | [22m[2mphotos-list-component[22m     [2m | [22m[36m142.84 kB[39m[37m[2m | [22m[39m
[37m[32mchunk-NVXZA6B4.js[39m[37m  [2m | [22m[2m-[22m                         [2m | [22m [36m60.98 kB[39m[37m[2m | [22m[39m
[37m[32mchunk-WBAGXZST.js[39m[37m  [2m | [22m[2mcity-edit-component[22m       [2m | [22m [36m49.04 kB[39m[37m[2m | [22m[39m
[37m[32mchunk-CKHSWUA6.js[39m[37m  [2m | [22m[2mattraction-edit-component[22m [2m | [22m [36m48.73 kB[39m[37m[2m | [22m[39m
[37m[32mchunk-K3Q3C4GV.js[39m[37m  [2m | [22m[2mdashboard-component[22m       [2m | [22m [36m44.00 kB[39m[37m[2m | [22m[39m
[37m[32mchunk-OA5P3VRV.js[39m[37m  [2m | [22m[2mattractions-list-component[22m[2m | [22m [36m33.67 kB[39m[37m[2m | [22m[39m
[37m[32mchunk-U6I2H7P7.js[39m[37m  [2m | [22m[2mcountry-edit-component[22m    [2m | [22m [36m32.80 kB[39m[37m[2m | [22m[39m
[37m[32mchunk-JTJQOLK3.js[39m[37m  [2m | [22m[2mcities-list-component[22m     [2m | [22m [36m29.76 kB[39m[37m[2m | [22m[39m
[37m[32mchunk-JHX6W4M3.js[39m[37m  [2m | [22m[2musers-list-component[22m      [2m | [22m [36m27.68 kB[39m[37m[2m | [22m[39m
[37m[39m
[37m[32mchunk-P36P3TTT.js[39m[37m  [2m | [22m[2mcountries-list-component[22m  [2m | [22m [36m25.35 kB[39m[37m[2m | [22m[39m
[37m[32mchunk-XHG6NBID.js[39m[37m  [2m | [22m[2mstate-edit-component[22m      [2m | [22m [36m24.04 kB[39m[37m[2m | [22m[39m
[37m[32mchunk-CFUZMSK5.js[39m[37m  [2m | [22m[2mstates-list-component[22m     [2m | [22m [36m23.46 kB[39m[37m[2m | [22m[39m
[37m[32mchunk-VCM4SOEK.js[39m[37m  [2m | [22m[2mlogin-component[22m           [2m | [22m [36m15.65 kB[39m[37m[2m | [22m[39m
[37m[32mchunk-TJAIKUXK.js[39m[37m  [2m | [22m[2m-[22m                         [2m | [22m  [36m2.80 kB[39m[37m[2m | [22m[39m
[37m[32mchunk-CSTHLWZQ.js[39m[37m  [2m | [22m[2m-[22m                         [2m | [22m  [36m2.56 kB[39m[37m[2m | [22m[39m
[37m[2m...and 4 more lazy chunks files. Use "--verbose" to show all the files.[22m[39m
[37m[39m
[37mApplication bundle generation complete. [1.452 seconds] - 2026-02-22T20:47:43.054Z[39m
[37m[39m
[1m[33m[33m▲ [43;33m[[43;30mWARNING[43;33m][0m [1mNG8011: Node matches the ".material-icons:not([iconPositionEnd]), mat-icon:not([iconPositionEnd]), [matButtonIcon]:not([iconPositionEnd])" slot of the "MatButton" component, but will not be projected into the specific slot because the surrounding @else has more than one node at its root. To project the node in the right slot, you can:[39m[22m
[1m[33m[39m[22m
[1m[33m1. Wrap the content of the @else block in an <ng-container/> that matches the ".material-icons:not([iconPositionEnd]), mat-icon:not([iconPositionEnd]), [matButtonIcon]:not([iconPositionEnd])" selector.[39m[22m
[1m[33m2. Split the content of the @else block across multiple @else blocks such that each one only has a single projectable node at its root.[39m[22m
[1m[33m3. Remove all content from the @else block, except for the node being projected.[39m[22m
[1m[33m[39m[22m
[1m[33mThis check can be disabled using the `extendedDiagnostics.checks.controlFlowPreventingContentProjection = "suppress" compiler option.`[0m [1m[35m[plugin angular-compiler][0m[39m[22m
[1m[33m[39m[22m
[1m[33m    frontend-admin/src/app/components/photo-edit-dialog/photo-edit-dialog.component.html:249:8:[39m[22m
[1m[33m[37m      249 │         [32m<mat-icon>[37msave</mat-icon>[39m[22m
[1m[33m          ╵         [32m~~~~~~~~~~[0m[39m[22m
[1m[33m[39m[22m
[1m[33m  Warning occurs in the template of component PhotoEditDialogComponent.[39m[22m
[1m[33m[39m[22m
[1m[33m    frontend-admin/src/app/components/photo-edit-dialog/photo-edit-dialog.component.ts:56:15:[39m[22m
[1m[33m[37m      56 │   templateUrl: [32m'./photo-edit-dialog.component.html'[37m,[39m[22m
[1m[33m         ╵                [32m~~~~~~~~~~~~~~~~~~~~~~~~~~~~~~~~~~~~[0m[39m[22m
[1m[33m[39m[22m
[1m[33m[39m[22m
[1m[33m[33m▲ [43;33m[[43;30mWARNING[43;33m][0m [1mNG8011: Node matches the ".material-icons:not([iconPositionEnd]), mat-icon:not([iconPositionEnd]), [matButtonIcon]:not([iconPositionEnd])" slot of the "MatButton" component, but will not be projected into the specific slot because the surrounding @else has more than one node at its root. To project the node in the right slot, you can:[39m[22m
[1m[33m[39m[22m
[1m[33m1. Wrap the content of the @else block in an <ng-container/> that matches the ".material-icons:not([iconPosit[39m[22m
[1m[33mionEnd]), mat-icon:not([iconPositionEnd]), [matButtonIcon]:not([iconPositionEnd])" selector.[39m[22m
[1m[33m2. Split the content of the @else block across multiple @else blocks such that each one only has a single projectable node at its root.[39m[22m
[1m[33m3. Remove all content from the @else block, except for the node being projected.[39m[22m
[1m[33m[39m[22m
[1m[33mThis check can be disabled using the `extendedDiagnostics.checks.controlFlowPreventingContentProjection = "suppress" compiler option.`[0m [1m[35m[plugin angular-compiler][0m[39m[22m
[1m[33m[39m[22m
[1m[33m    frontend-admin/src/app/components/photo-upload-dialog/photo-upload-dialog.component.html:87:6:[39m[22m
[1m[33m[37m      87 │       [32m<mat-icon>[37mcloud_upload</mat-icon>[39m[22m
[1m[33m         ╵       [32m~~~~~~~~~~[0m[39m[22m
[1m[33m[39m[22m
[1m[33m  Warning occurs in the template of component PhotoUploadDialogComponent.[39m[22m
[1m[33m[39m[22m
[1m[33m    frontend-admin/src/app/components/photo-upload-dialog/photo-upload-dialog.component.ts:45:15:[39m[22m
[1m[33m[37m      45 │   templateUrl: [32m'./photo-upload-dialog.component.html'[37m,[39m[22m
[1m[33m         ╵                [32m~~~~~~~~~~~~~~~~~~~~~~~~~~~~~~~~~~~~~~[0m[39m[22m
[1m[33m[39m[22m
[1m[33m[39m[22m
[1m[33m[33m▲ [43;33m[[43;30mWARNING[43;33m][0m [1mNG8107: The left side of this optional chain operation does not include 'null' or 'undefined' in its type, therefore the '?.' operator can be safely removed.[0m [1m[35m[plugin angular-compiler][0m[39m[22m
[1m[33m[39m[22m
[1m[33m    shared/components/src/lib/header/header.component.html:25:41:[39m[22m
[1m[33m[37m      25 │ ...class="user-avatar">{{ [32muser.username?.[0][37m?.toUpperCase() || 'U'...[39m[22m
[1m[33m         ╵                           [32m~~~~~~~~~~~~~~~~~~[0m[39m[22m
[1m[33m[39m[22m
[1m[33m  Warning occurs in the template of component HeaderComponent.[39m[22m
[1m[33m[39m[22m
[1m[33m    shared/components/src/lib/header/header.component.ts:10:15:[39m[22m
[1m[33m[37m      10 │   templateUrl: [32m'./header.component.html'[37m,[39m[22m
[1m[33m         ╵                [32m~~~~~~~~~~~~~~~~~~~~~~~~~[0m[39m[22m
[1m[33m[39m[22m
[1m[33m[39m[22m
[1m[33m[33m▲ [43;33m[[43;30mWARNING[43;33m][0m [1mNG8107: The left side of this optional chain operation does not include 'null' or 'undefined' in its type, therefore the '?.' operator can be safely removed.[0m [1m[35m[plugin angular-com[39m[22m[1m[33mpiler][0m[39m[22m
[1m[33m[39m[22m
[1m[33m    shared/components/src/lib/header/header.component.html:34:52:[39m[22m
[1m[33m[37m      34 │ ..."user-avatar-large">{{ [32muser.username?.[0][37m?.toUpperCase() || 'U'...[39m[22m
[1m[33m         ╵                           [32m~~~~~~~~~~~~~~~~~~[0m[39m[22m
[1m[33m[39m[22m
[1m[33m  Warning occurs in the template of component HeaderComponent.[39m[22m
[1m[33m[39m[22m
[1m[33m    shared/components/src/lib/header/header.component.ts:10:15:[39m[22m
[1m[33m[37m      10 │   templateUrl: [32m'./header.component.html'[37m,[39m[22m
[1m[33m         ╵                [32m~~~~~~~~~~~~~~~~~~~~~~~~~[0m[39m[22m
[1m[33m[39m[22m
[1m[33m[39m[22m
[37mWatch mode enabled. Watching for file changes...[39m
[37mNOTE: Raw file sizes do not reflect development server per-request transformations.[39m
[2m3:47:43 PM[22m [36m[1m[vite][22m[39m [90m[2m(client)[22m[39m Re-optimizing dependencies because lockfile has changed
  [32m➜[39m  [1mLocal[22m:   [36mhttp://localhost:[1m4201[22m/[39m
